// Jest Snapshot v1, https://goo.gl/fbAQLP

exports[`<WelcomeComponent /> Gets Rendered 1`] = `
<Text>
  Welcome! ðŸ‘‹
</Text>
`;
